==================================================================
🚀 SECP256K1 / EIP-1559 HIGH-PERFORMANCE WORKLOAD BENCHMARK
   Zero-Fork Compliant (AGENTS.md Part 2.5) | Production SECP Mode
==================================================================
🎯 Tracking 3 target simple_chain PIDs: 731864, 731865, 731866
🌐 RPC Pool (1 nodes): http://127.0.0.1:8810
⚡ TCP Pool (1 nodes): 127.0.0.1:4310
🆔 Chain ID: 991
🔑 Loaded 50000 pre-allocated accounts from generated_keys.json

▶️ RUNNING ROUND 1/1
🏁 Start Block: #0

🔍 Fetching nonces for 30000 accounts across 1 RPC nodes...
✅ Nonces fetched in 693.720089ms (Errors: 0)

✍️ Pre-signing 30000 1559 transactions...
✅ Pre-signed 30000 txs in 57.938992ms (517786.02 tx/s signing speed)

🔌 Initializing TCP connection pool (1 endpoints)...
✅ 1 TCP connections established & registered.

🔥 BLASTING 30000 Transactions across cluster (Mode: tcp)...
📦 Splitting into 30 TCP batches (batch size: 1000)...
⚡ Injected 30000 TXs in 91.518993ms (Injection TPS: 327800.81 tx/s)

⏱️ Tracking Transaction Receipts for Consensus Inclusion & Latency...

📊 BENCHMARK METRICS (Round 1):
   • Total Submitted:    30000 txs
   • Sample Verified:    50/50 (Confirmed: 50, Reverted: 0, Unconfirmed/Timeout: 0 | Cutoff: 0.0%)
   • Injection Speed:    327800.81 tx/s (Duration: 91.518993ms)
   • Effective TPS:      13161.38 tx/s (Duration: 2.279397091s)
   • Latency P50:        1.433533604s
   • Latency P90:        2.158257789s
   • Latency P95:        2.320397705s
   • Latency P99:        2.370933123s
   • Latency Avg:        1.425126845s
   • Peak CPU (Nodes):   874.0%
   • Peak RSS (3 Target Nodes): 5137 MB (avg 1712.3 MB/node)
📄 JSON Benchmark report saved to: /home/abc/chain-n/metanode/note/evidence/tps_improve_phase2_20261009/raw/raft_burst_30k_r8.json
==================================================================

--STDERR--
