==================================================================
🚀 SECP256K1 / EIP-1559 HIGH-PERFORMANCE WORKLOAD BENCHMARK
   Zero-Fork Compliant (AGENTS.md Part 2.5) | Production SECP Mode
==================================================================
🎯 Tracking 3 target simple_chain PIDs: 636036, 636037, 636038
🌐 RPC Pool (1 nodes): http://127.0.0.1:8810
⚡ TCP Pool (1 nodes): 127.0.0.1:4310
🆔 Chain ID: 991
🔑 Loaded 50000 pre-allocated accounts from generated_keys.json

▶️ RUNNING ROUND 1/1
🏁 Start Block: #0

🔍 Fetching nonces for 20000 accounts across 1 RPC nodes...
✅ Nonces fetched in 489.933527ms (Errors: 0)

✍️ Pre-signing 20000 1559 transactions...
✅ Pre-signed 20000 txs in 43.358867ms (461266.67 tx/s signing speed)

🔌 Initializing TCP connection pool (1 endpoints)...
✅ 1 TCP connections established & registered.

🔥 BLASTING 20000 Transactions across cluster (Mode: tcp)...
📦 Splitting into 20 TCP batches (batch size: 1000)...
⚡ Injected 20000 TXs in 78.279438ms (Injection TPS: 255494.94 tx/s)

⏱️ Tracking Transaction Receipts for Consensus Inclusion & Latency...

📊 BENCHMARK METRICS (Round 1):
   • Total Submitted:    20000 txs
   • Sample Verified:    50/50 (Confirmed: 50, Reverted: 0, Unconfirmed/Timeout: 0 | Cutoff: 0.0%)
   • Injection Speed:    255494.94 tx/s (Duration: 78.279438ms)
   • Effective TPS:      13157.56 tx/s (Duration: 1.520039019s)
   • Latency P50:        1.090872135s
   • Latency P90:        1.582186848s
   • Latency P95:        1.591446386s
   • Latency P99:        1.598376614s
   • Latency Avg:        1.050454358s
   • Peak CPU (Nodes):   768.0%
   • Peak RSS (3 Target Nodes): 4116 MB (avg 1372.0 MB/node)
📄 JSON Benchmark report saved to: /home/abc/chain-n/metanode/note/evidence/tps_improve_phase2_20261009/raw/raft_burst_20k_r12.json
==================================================================

--STDERR--
