==================================================================
🚀 SECP256K1 / EIP-1559 HIGH-PERFORMANCE WORKLOAD BENCHMARK
   Zero-Fork Compliant (AGENTS.md Part 2.5) | Production SECP Mode
==================================================================
🎯 Tracking 3 target simple_chain PIDs: 655027, 655028, 655029
🌐 RPC Pool (1 nodes): http://127.0.0.1:8810
⚡ TCP Pool (1 nodes): 127.0.0.1:4310
🆔 Chain ID: 991
🔑 Loaded 50000 pre-allocated accounts from generated_keys.json

▶️ RUNNING ROUND 1/1
🏁 Start Block: #0

🔍 Fetching nonces for 25000 accounts across 1 RPC nodes...
✅ Nonces fetched in 635.899195ms (Errors: 0)

✍️ Pre-signing 25000 1559 transactions...
✅ Pre-signed 25000 txs in 49.959906ms (500401.26 tx/s signing speed)

🔌 Initializing TCP connection pool (1 endpoints)...
✅ 1 TCP connections established & registered.

🔥 BLASTING 25000 Transactions across cluster (Mode: tcp)...
📦 Splitting into 25 TCP batches (batch size: 1000)...
⚡ Injected 25000 TXs in 89.796008ms (Injection TPS: 278408.81 tx/s)

⏱️ Tracking Transaction Receipts for Consensus Inclusion & Latency...

📊 BENCHMARK METRICS (Round 1):
   • Total Submitted:    25000 txs
   • Sample Verified:    50/50 (Confirmed: 50, Reverted: 0, Unconfirmed/Timeout: 0 | Cutoff: 0.0%)
   • Injection Speed:    278408.81 tx/s (Duration: 89.796008ms)
   • Effective TPS:      14589.45 tx/s (Duration: 1.713566954s)
   • Latency P50:        1.130688216s
   • Latency P90:        1.694995569s
   • Latency P95:        1.802442943s
   • Latency P99:        1.803399593s
   • Latency Avg:        1.094930801s
   • Peak CPU (Nodes):   756.0%
   • Peak RSS (3 Target Nodes): 4359 MB (avg 1453.0 MB/node)
📄 JSON Benchmark report saved to: /home/abc/chain-n/metanode/note/evidence/tps_improve_phase2_20261009/raw/raft_burst_25k_r3.json
==================================================================

--STDERR--
