==================================================================
🚀 SECP256K1 / EIP-1559 HIGH-PERFORMANCE WORKLOAD BENCHMARK
   Zero-Fork Compliant (AGENTS.md Part 2.5) | Production SECP Mode
==================================================================
🎯 Tracking 3 target simple_chain PIDs: 631380, 631381, 631382
🌐 RPC Pool (1 nodes): http://127.0.0.1:8810
⚡ TCP Pool (1 nodes): 127.0.0.1:4310
🆔 Chain ID: 991
🔑 Loaded 50000 pre-allocated accounts from generated_keys.json

▶️ RUNNING ROUND 1/1
🏁 Start Block: #0

🔍 Fetching nonces for 20000 accounts across 1 RPC nodes...
✅ Nonces fetched in 588.088004ms (Errors: 0)

✍️ Pre-signing 20000 1559 transactions...
✅ Pre-signed 20000 txs in 39.470431ms (506708.43 tx/s signing speed)

🔌 Initializing TCP connection pool (1 endpoints)...
✅ 1 TCP connections established & registered.

🔥 BLASTING 20000 Transactions across cluster (Mode: tcp)...
📦 Splitting into 20 TCP batches (batch size: 1000)...
⚡ Injected 20000 TXs in 67.705982ms (Injection TPS: 295394.87 tx/s)

⏱️ Tracking Transaction Receipts for Consensus Inclusion & Latency...

📊 BENCHMARK METRICS (Round 1):
   • Total Submitted:    20000 txs
   • Sample Verified:    50/50 (Confirmed: 50, Reverted: 0, Unconfirmed/Timeout: 0 | Cutoff: 0.0%)
   • Injection Speed:    295394.87 tx/s (Duration: 67.705982ms)
   • Effective TPS:      13333.13 tx/s (Duration: 1.500022947s)
   • Latency P50:        960.430505ms
   • Latency P90:        1.564292882s
   • Latency P95:        1.565047214s
   • Latency P99:        1.567735767s
   • Latency Avg:        1.019701818s
   • Peak CPU (Nodes):   758.0%
   • Peak RSS (3 Target Nodes): 4160 MB (avg 1386.7 MB/node)
📄 JSON Benchmark report saved to: /home/abc/chain-n/metanode/note/evidence/tps_improve_phase2_20261009/raw/raft_burst_20k_r11.json
==================================================================

--STDERR--
