go: cannot find main module, but found .git/config in /home/abc/chain-n/metanode
	to create a module there, run:
	go mod init
