==================================================================
🧪 PART 1: FIXED REGRESSION MUTATION SUITE
==================================================================
▶️ [BASELINE] Checking unmutated reports...
  • Durability baseline: PASS (exit 0)
  • B1 baseline:         PASS (exit 0)
  • RSS baseline:        PASS (exit 0)

▶️ [MUTATIONS] Executing fixed regression mutation cases...
  [1] CAUGHT: Durability: Mutate CheckBlock #310 -> #999
  [2] CAUGHT: Durability: Mutate BlockHash 0xa50c... -> 0xdeadbeef...
  [3] CAUGHT: Durability: Mutate QuorumPause PAUSED_AT_#318 -> PAUSED_AT_#999
  [4] CAUGHT: Durability: Mutate text claim dual-kill count (5 vòng -> 4 vòng)
  [5] CAUGHT: Durability: Mutate text claim leader-kill count (6 vòng -> 5 vòng)
  [6] CAUGHT: Durability: Mutate table row Verdict PASS -> FAIL
  [7] CAUGHT: B1: Mutate percentage difference +1.62% -> +99.9%
  [8] CAUGHT: B1: Mutate table row verdict PASS -> FAIL
  [9] CAUGHT: B1: Remove evidence tag from table row 53
  [10] CAUGHT: B1: Remove evidence tag from iteration row 61
  [11] CAUGHT: RSS: Mutate HeapAlloc slope m = +98.89 -> +12.34
  [12] CAUGHT: RSS: Mutate EthHashMap Wave 8 InUse 47.81 -> 99.99 MB
  [13] CAUGHT: RSS: Mutate TxHash Wave 8 InUse 35.06 -> 88.88 MB
  [14] CAUGHT: RSS: Mutate EthHashMap Wave 1 InUse 5.98 -> 1.23 MB

==================================================================
📊 FIXED REGRESSION SUMMARY: 14 / 14 CAUGHT
==================================================================

==================================================================
🎲 PART 2: RANDOMIZED FUZZ MUTATION AUDIT
Tested across 3 independent new seeds (Seed 42, Seed 123, Seed 999)
Testing Mode: ALL tokens in table rows containing evidence tags
==================================================================

------------------------------------------------------------------
Auditing Seed 42 (Mode: --all)
------------------------------------------------------------------
▶️ Auditing manifest: note/evidence/design_bounded_memory_indexes_20261007/MANIFEST.json
   Report: note/design_bounded_memory_indexes_20261007.md
   Tokens found: 0 | Tested: 0 | Caught: 0 | Missed: 0 (Architecture specification document)

▶️ Auditing manifest: note/evidence/perf_nomt_b1_20261007/MANIFEST.json
   Report: note/perf_nomt_b1_20261007.md
   Tokens found: 102 | Tested: 102 | Caught: 102 | Missed: 0 | Catch Rate: 100.00%

▶️ Auditing manifest: note/evidence/perf_nomt_durability_20261007/MANIFEST.json
   Report: note/perf_nomt_durability_20261007.md
   Tokens found: 85 | Tested: 85 | Caught: 85 | Missed: 0 | Catch Rate: 100.00%

▶️ Auditing manifest: note/evidence/perf_rss_20261007/MANIFEST.json
   Report: note/perf_rss_investigation_20261007.md
   Tokens found: 447 | Tested: 447 | Caught: 441 | Missed: 6 | Catch Rate: 98.66%

▶️ Auditing manifest: note/evidence/rpc_block_fulltx_20261008/MANIFEST.json
   Report: note/evidence/rpc_block_fulltx_20261008/report.md
   Tokens found: 0 | Tested: 0 | Caught: 0 | Missed: 0 (Qualitative protocol conformance test)

------------------------------------------------------------------
Summary for Seed 42:
   Total Tested: 634 | Total Caught: 628 | Total Missed: 6 | Catch Rate: 99.05%
------------------------------------------------------------------

------------------------------------------------------------------
Auditing Seed 123 (Mode: --all)
   Total Tested: 634 | Total Caught: 628 | Total Missed: 6 | Catch Rate: 99.05%
------------------------------------------------------------------

------------------------------------------------------------------
Auditing Seed 999 (Mode: --all)
   Total Tested: 634 | Total Caught: 628 | Total Missed: 6 | Catch Rate: 99.05%
------------------------------------------------------------------

==================================================================
🔍 PHÂN TÍCH DANH SÁCH 6 TOKENS LỌT (MISSED TOKENS EXPLANATION)
==================================================================
Các token chưa kích hoạt lỗi khi biến đổi chữ số cuối (+3 % 10):
1. Line 291: '32' -> '35' in '| **Tiêu chuẩn (Standard Validator)** | **32 GB** | ...'
   - Nguyên nhân: Nhãn cấu hình phần cứng khuyến nghị (RAM 32 GB), không phải số liệu đo đạc gắn với extractor.
2. Line 291: '9823' -> '9826' in '9823 MB'
   - Nguyên nhân: Sai số tương đối |9826 - 9823| / 9823 = 0.0305% <= 0.5% (nằm trong ngưỡng dung sai 0.5% của công cụ để chấp nhận sai số làm tròn).
   - Kiểm chứng đối chứng âm: Đổi '9823' -> '3823' (sai số 61.1% > 0.5%) làm công cụ verify_evidence.py thất bại ngay lập tức (exit code 1, Number mismatch for extract CTRL_GOGC_DEF_RSS_MEAN).
3. Line 291: '6106.7' -> '6106.0' in '6106.7 tx/s'
   - Nguyên nhân: Sai số tương đối |6106.0 - 6106.7| / 6106.7 = 0.0115% <= 0.5% (nằm trong ngưỡng dung sai).
4. Line 292: '16' -> '19' in '| **Tiết kiệm RAM (Resource-Constrained)** | **16 GB** | ...'
   - Nguyên nhân: Nhãn cấu hình phần cứng khuyến nghị (RAM 16 GB), không phải số liệu đo đạc gắn với extractor.
5. Line 292: '6830' -> '6833' in '6830 MB'
   - Nguyên nhân: Sai số tương đối |6833 - 6830| / 6830 = 0.0439% <= 0.5% (nằm trong ngưỡng dung sai).
6. Line 292: '5754.1' -> '5754.4' in '5754.1 tx/s'
   - Nguyên nhân: Sai số tương đối |5754.4 - 5754.1| / 5754.1 = 0.0052% <= 0.5% (nằm trong ngưỡng dung sai).
==================================================================
