==================================================================
🔬 GIAI ĐOẠN 4: BENCHMARK ĐỐI CHỨNG CÓ KIỂM SOÁT (GOGC & DEBUG FLAG)
   Nguyên tắc: Mỗi lượt chạy trên CLUSTER MỚI (fresh genesis)
   Lượt đo:    7 lượt xen kẽ mỗi nhánh (n=7 mỗi bên, tổng 28 lượt)
   Workload:   25,000 transactions Secp256k1 EIP-1559, batch 1,000
==================================================================

▶️ [1/2] Chạy Thực Nghiệm GOGC: Mặc Định (800) vs GOGC=50 (7 lượt xen kẽ)...

   [Lượt 1/7] Cấu hình: GOGC Mặc Định (800)...
      • Default #1: TPS=6276.2 tx/s, Peak RSS=6712 MB, CPU=83.4s, Log=0.0KB, Dur=5.29s
   [Lượt 1/7] Cấu hình: GOGC=50...
      • GOGC50 #1: TPS=5759.3 tx/s, Peak RSS=4412 MB, CPU=150.8s, Log=0.0KB, Dur=5.66s

   [Lượt 2/7] Cấu hình: GOGC Mặc Định (800)...
      • Default #2: TPS=6171.0 tx/s, Peak RSS=8995 MB, CPU=94.3s, Log=0.0KB, Dur=5.34s
   [Lượt 2/7] Cấu hình: GOGC=50...
      • GOGC50 #2: TPS=5948.3 tx/s, Peak RSS=5524 MB, CPU=141.7s, Log=0.0KB, Dur=5.52s

   [Lượt 3/7] Cấu hình: GOGC Mặc Định (800)...
      • Default #3: TPS=6198.6 tx/s, Peak RSS=9014 MB, CPU=95.2s, Log=0.0KB, Dur=5.45s
   [Lượt 3/7] Cấu hình: GOGC=50...
      • GOGC50 #3: TPS=5961.7 tx/s, Peak RSS=6359 MB, CPU=136.2s, Log=0.0KB, Dur=5.64s

   [Lượt 4/7] Cấu hình: GOGC Mặc Định (800)...
      • Default #4: TPS=6290.8 tx/s, Peak RSS=10734 MB, CPU=83.8s, Log=0.0KB, Dur=5.41s
   [Lượt 4/7] Cấu hình: GOGC=50...
      • GOGC50 #4: TPS=5849.0 tx/s, Peak RSS=7418 MB, CPU=149.3s, Log=0.0KB, Dur=5.71s

   [Lượt 5/7] Cấu hình: GOGC Mặc Định (800)...
      • Default #5: TPS=6091.9 tx/s, Peak RSS=10396 MB, CPU=95.2s, Log=0.0KB, Dur=5.25s
   [Lượt 5/7] Cấu hình: GOGC=50...
      • GOGC50 #5: TPS=4843.9 tx/s, Peak RSS=7601 MB, CPU=159.7s, Log=0.0KB, Dur=6.44s

   [Lượt 6/7] Cấu hình: GOGC Mặc Định (800)...
      • Default #6: TPS=6118.7 tx/s, Peak RSS=10959 MB, CPU=87.1s, Log=0.0KB, Dur=5.53s
   [Lượt 6/7] Cấu hình: GOGC=50...
      • GOGC50 #6: TPS=5947.3 tx/s, Peak RSS=8318 MB, CPU=133.4s, Log=0.0KB, Dur=5.66s

   [Lượt 7/7] Cấu hình: GOGC Mặc Định (800)...
      • Default #7: TPS=5599.8 tx/s, Peak RSS=11952 MB, CPU=95.7s, Log=0.0KB, Dur=5.75s
   [Lượt 7/7] Cấu hình: GOGC=50...
      • GOGC50 #7: TPS=5969.3 tx/s, Peak RSS=8179 MB, CPU=143.7s, Log=0.0KB, Dur=5.63s

==================================================================
📊 KẾT QUẢ THỐNG KÊ GOGC (Fresh State, n=7 mỗi nhánh):
   • Default GOGC: TPS = 6106.7 ± 235.4 tx/s | Peak RSS = 9823 ± 1732 MB
   • GOGC=50:      TPS = 5754.1 ± 408.7 tx/s | Peak RSS = 6830 ± 1458 MB
   • TPS Chênh lệch: -5.77% (t=1.98, df=9.6, p=0.0774, 95% CI=[-47.0, 752.1])
   • RSS Chênh lệch: -30.47% (t=3.50, df=11.7, p=0.0046, 95% CI=[1122.7, 4863.3])
==================================================================

▶️ [2/2] Chạy Thực Nghiệm Debug Flag: ENABLE_DEBUG_PPROF=true vs false (7 lượt xen kẽ)...

   [Lượt 1/7] Cấu hình: Debug On (ENABLE_DEBUG_PPROF=true)...
      • DebugOn #1: TPS=5503.6 tx/s, Peak RSS=11357 MB, CPU=91.2s, Log=0.0KB, Dur=5.80s
   [Lượt 1/7] Cấu hình: Debug Off (ENABLE_DEBUG_PPROF=false)...
      • DebugOff #1: TPS=3867.2 tx/s, Peak RSS=11315 MB, CPU=94.5s, Log=0.0KB, Dur=7.74s

   [Lượt 2/7] Cấu hình: Debug On (ENABLE_DEBUG_PPROF=true)...
      • DebugOn #2: TPS=5338.4 tx/s, Peak RSS=11898 MB, CPU=101.2s, Log=0.0KB, Dur=6.17s
   [Lượt 2/7] Cấu hình: Debug Off (ENABLE_DEBUG_PPROF=false)...
      • DebugOff #2: TPS=6376.7 tx/s, Peak RSS=11550 MB, CPU=92.2s, Log=0.0KB, Dur=5.21s

   [Lượt 3/7] Cấu hình: Debug On (ENABLE_DEBUG_PPROF=true)...
      • DebugOn #3: TPS=5960.9 tx/s, Peak RSS=12606 MB, CPU=96.8s, Log=0.0KB, Dur=5.47s
   [Lượt 3/7] Cấu hình: Debug Off (ENABLE_DEBUG_PPROF=false)...
      • DebugOff #3: TPS=5992.9 tx/s, Peak RSS=11877 MB, CPU=90.8s, Log=0.0KB, Dur=5.46s

   [Lượt 4/7] Cấu hình: Debug On (ENABLE_DEBUG_PPROF=true)...
      • DebugOn #4: TPS=5085.5 tx/s, Peak RSS=13106 MB, CPU=101.2s, Log=0.0KB, Dur=6.34s
   [Lượt 4/7] Cấu hình: Debug Off (ENABLE_DEBUG_PPROF=false)...
      • DebugOff #4: TPS=4690.2 tx/s, Peak RSS=12377 MB, CPU=101.0s, Log=0.0KB, Dur=6.45s

   [Lượt 5/7] Cấu hình: Debug On (ENABLE_DEBUG_PPROF=true)...
      • DebugOn #5: TPS=6878.7 tx/s, Peak RSS=12799 MB, CPU=89.7s, Log=0.0KB, Dur=4.93s
   [Lượt 5/7] Cấu hình: Debug Off (ENABLE_DEBUG_PPROF=false)...
      • DebugOff #5: TPS=6272.3 tx/s, Peak RSS=12457 MB, CPU=91.2s, Log=0.0KB, Dur=5.28s

   [Lượt 6/7] Cấu hình: Debug On (ENABLE_DEBUG_PPROF=true)...
      • DebugOn #6: TPS=6033.0 tx/s, Peak RSS=13760 MB, CPU=99.2s, Log=0.0KB, Dur=5.59s
   [Lượt 6/7] Cấu hình: Debug Off (ENABLE_DEBUG_PPROF=false)...
      • DebugOff #6: TPS=6519.7 tx/s, Peak RSS=13274 MB, CPU=98.8s, Log=0.0KB, Dur=5.10s

   [Lượt 7/7] Cấu hình: Debug On (ENABLE_DEBUG_PPROF=true)...
      • DebugOn #7: TPS=6527.7 tx/s, Peak RSS=12921 MB, CPU=94.5s, Log=0.0KB, Dur=5.28s
   [Lượt 7/7] Cấu hình: Debug Off (ENABLE_DEBUG_PPROF=false)...
      • DebugOff #7: TPS=4169.4 tx/s, Peak RSS=11966 MB, CPU=108.7s, Log=0.0KB, Dur=7.10s

==================================================================
📊 KẾT QUẢ THỐNG KÊ DEBUG FLAG (Fresh State, n=7 mỗi nhánh):
   • Debug On (true):   TPS = 5904.0 ± 646.7 tx/s | CPU = 96.3 ± 4.7 s | Log = 0.0 KB
   • Debug Off (false):  TPS = 5412.6 ± 1131.9 tx/s | CPU = 96.7 ± 6.5 s | Log = 0.0 KB
   • Chênh lệch TPS:    -8.32% (t=1.00, df=9.5, p=0.3433, 95% CI=[-613.7, 1596.4])
   • Chênh lệch CPU:    +0.48% (t=-0.15, df=10.8, p=0.8798)
==================================================================

✅ Summary CSV saved to /home/abc/chain-n/metanode/note/evidence/perf_rss_20261007/controlled_benchmarks_summary.csv
