==================================================================
💥 NOMT EXPANDED CRASH RECOVERY UNDER LOAD — 1 ROUNDS (KILL -9)
   Cluster Base:     /tmp/gate_4val_p06
   Leader RPC Port:  31646
   Workload:         10,000 txs/round (Batch 1000, TCP Mode)
   Min New Blocks:   N >= 2 beyond H_before
   Negative Control: mismatch_root
   Summary CSV:      /tmp/negative_control_summary.log
==================================================================

━━━━━━━━━━━━━━━━━━━━━━━━━━━━━━━━━━━━━━━━━━━━━━━━━━━━━━━━━━━━━━━━━━
🔥 [ROUND 1/1] Targets: val1
━━━━━━━━━━━━━━━━━━━━━━━━━━━━━━━━━━━━━━━━━━━━━━━━━━━━━━━━━━━━━━━━━━
📊 [0/6] Baseline Height: H_before = #15 (val0:#15, val1:#15, val2:#15, val3:#15)
🚀 [1/6] Blasting 10,000 SECP transactions in background...
💥 [2/6] Killing val1 (PID 3475677) with KILL -9 (delay 0.05s at 2026-10-07T10:54:47.890Z)...
   • Estimated kill phase: unknown_or_between_commits
✅ [3/6] Background workload submission cycle ended.
🔄 [4/6] Restarting val1...
✅ [5/6] All restarted node(s) running cleanly (0 exit 78, no integrity failure).
🛡️ [6/6] Verifying state catchup (>= H_before + 2) and Zero-Fork parity across cluster...
   • Sync condition reached: Cluster progressed from #15 to >= #17 (Delta: +2 blocks)
🔍 Checking Zero-Fork parity on Block #17 (0x11)...
🧪 [NEGATIVE CONTROL] Intentionally injecting mismatched state root on val1...
🧪 [NEGATIVE CONTROL] Intentionally injecting mismatched state root on val1...
🧪 [NEGATIVE CONTROL] Intentionally injecting mismatched state root on val1...
🧪 [NEGATIVE CONTROL] Intentionally injecting mismatched state root on val1...
🧪 [NEGATIVE CONTROL] Intentionally injecting mismatched state root on val1...
🧪 [NEGATIVE CONTROL] Intentionally injecting mismatched state root on val1...
🧪 [NEGATIVE CONTROL] Intentionally injecting mismatched state root on val1...
🧪 [NEGATIVE CONTROL] Intentionally injecting mismatched state root on val1...
🧪 [NEGATIVE CONTROL] Intentionally injecting mismatched state root on val1...
🧪 [NEGATIVE CONTROL] Intentionally injecting mismatched state root on val1...
🧪 [NEGATIVE CONTROL] Intentionally injecting mismatched state root on val1...
🧪 [NEGATIVE CONTROL] Intentionally injecting mismatched state root on val1...
🧪 [NEGATIVE CONTROL] Intentionally injecting mismatched state root on val1...
🧪 [NEGATIVE CONTROL] Intentionally injecting mismatched state root on val1...
🧪 [NEGATIVE CONTROL] Intentionally injecting mismatched state root on val1...
🧪 [NEGATIVE CONTROL] Intentionally injecting mismatched state root on val1...
🧪 [NEGATIVE CONTROL] Intentionally injecting mismatched state root on val1...
🧪 [NEGATIVE CONTROL] Intentionally injecting mismatched state root on val1...
🧪 [NEGATIVE CONTROL] Intentionally injecting mismatched state root on val1...
🧪 [NEGATIVE CONTROL] Intentionally injecting mismatched state root on val1...
❌ [MISMATCH DETAILS at Block #17]
   val0: Hash=0xcd05cf12a09fb0639a04f68d23cdf552f4d1c8c915366b1eb602956822312436 Root=0x724ebf3b0f4ee79c1f568bc2ef99c3133bc5eadc7be52c239d21a3c57703ca18
   val1: Hash=0xcd05cf12a09fb0639a04f68d23cdf552f4d1c8c915366b1eb602956822312436 Root=0xdeadbeefbad00000000000000000000000000000000000000000000000000000
   val2: Hash=0xcd05cf12a09fb0639a04f68d23cdf552f4d1c8c915366b1eb602956822312436 Root=0x724ebf3b0f4ee79c1f568bc2ef99c3133bc5eadc7be52c239d21a3c57703ca18
   val3: Hash=0xcd05cf12a09fb0639a04f68d23cdf552f4d1c8c915366b1eb602956822312436 Root=0x724ebf3b0f4ee79c1f568bc2ef99c3133bc5eadc7be52c239d21a3c57703ca18
❌ [FORK DETECTED in Round 1 at Block #17]
