==================================================================
💥 NOMT EXPANDED CRASH RECOVERY UNDER LOAD — 20 ROUNDS (KILL -9)
   Cluster Base:     /tmp/gate_4val_p06
   Leader RPC Port:  31646
   Workload:         10,000 txs/round (8k crash blast + 2k recovery blast)
   Min New Blocks:   N >= 2 beyond H_before
   Negative Control: none
   Summary CSV:      /tmp/crash_recovery_20rounds_summary.log
==================================================================

━━━━━━━━━━━━━━━━━━━━━━━━━━━━━━━━━━━━━━━━━━━━━━━━━━━━━━━━━━━━━━━━━━
🔥 [ROUND 1/20] Targets: val1
━━━━━━━━━━━━━━━━━━━━━━━━━━━━━━━━━━━━━━━━━━━━━━━━━━━━━━━━━━━━━━━━━━
📊 [0/6] Baseline Height: H_before = #307 (val0:#307, val1:#307, val2:#307, val3:#307)
🚀 [1/6] Blasting 8,000 SECP transactions during active kill...
💥 [2/6] Killing val1 (PID 3510792) with KILL -9 (delay 0.05s at 2026-10-07T11:07:23.199Z)...
   • Estimated kill phase: unknown_or_between_commits
✅ [3/6] Stage 1 background workload submission ended.
🔄 [4/6] Restarting val1...
✅ [5/6] All restarted node(s) running cleanly (0 exit 78, no integrity failure).
🚀 [5.5/6] Submitting post-recovery workload (iteration 1: 1,500 TXs) to verify active forward progress...
🛡️ [6/6] Verifying state catchup (>= H_before + 2) and Zero-Fork parity across cluster...
   • Sync condition reached: Cluster progressed from #307 to >= #310 (Delta: +3 blocks)
🔍 Checking Zero-Fork parity on Block #310 (0x136)...
🔍 Checking Zero-Fork parity on Preceding Block #309 (0x135)...
   • Block #310: Hash=0xa50c39fa15e920b2..., StateRoot=0x550d69db0b123746...
   • Block #309: Hash=0xd692537cc7cda046..., StateRoot=0x206ad1019e161388...
   ✅ [ROUND 1 PASS] Parity verified on 2 new blocks (#309, #310) >= H_before (#307) + 2

━━━━━━━━━━━━━━━━━━━━━━━━━━━━━━━━━━━━━━━━━━━━━━━━━━━━━━━━━━━━━━━━━━
🔥 [ROUND 2/20] Targets: val2
━━━━━━━━━━━━━━━━━━━━━━━━━━━━━━━━━━━━━━━━━━━━━━━━━━━━━━━━━━━━━━━━━━
📊 [0/6] Baseline Height: H_before = #310 (val0:#310, val1:#310, val2:#310, val3:#310)
🚀 [1/6] Blasting 8,000 SECP transactions during active kill...
💥 [2/6] Killing val2 (PID 3518534) with KILL -9 (delay 0.12s at 2026-10-07T11:07:54.811Z)...
   • Estimated kill phase: unknown_or_between_commits
✅ [3/6] Stage 1 background workload submission ended.
🔄 [4/6] Restarting val2...
✅ [5/6] All restarted node(s) running cleanly (0 exit 78, no integrity failure).
🚀 [5.5/6] Submitting post-recovery workload (iteration 1: 1,500 TXs) to verify active forward progress...
🛡️ [6/6] Verifying state catchup (>= H_before + 2) and Zero-Fork parity across cluster...
   • Sync condition reached: Cluster progressed from #310 to >= #313 (Delta: +3 blocks)
🔍 Checking Zero-Fork parity on Block #313 (0x139)...
🔍 Checking Zero-Fork parity on Preceding Block #312 (0x138)...
   • Block #313: Hash=0xfb4e8802b3454658..., StateRoot=0x14732ffd371cb1aa...
   • Block #312: Hash=0xa442453f3860a754..., StateRoot=0x2aa50688719493e8...
   ✅ [ROUND 2 PASS] Parity verified on 2 new blocks (#312, #313) >= H_before (#310) + 2

━━━━━━━━━━━━━━━━━━━━━━━━━━━━━━━━━━━━━━━━━━━━━━━━━━━━━━━━━━━━━━━━━━
🔥 [ROUND 3/20] Targets: val0
━━━━━━━━━━━━━━━━━━━━━━━━━━━━━━━━━━━━━━━━━━━━━━━━━━━━━━━━━━━━━━━━━━
📊 [0/6] Baseline Height: H_before = #313 (val0:#313, val1:#313, val2:#313, val3:#313)
🚀 [1/6] Blasting 8,000 SECP transactions during active kill...
💥 [2/6] Killing val0 (PID 3521711) with KILL -9 (delay 0.20s at 2026-10-07T11:08:29.240Z)...
   • Estimated kill phase: unknown_or_between_commits
✅ [3/6] Stage 1 background workload submission ended.
🔄 [4/6] Restarting val0...
✅ [5/6] All restarted node(s) running cleanly (0 exit 78, no integrity failure).
🚀 [5.5/6] Submitting post-recovery workload (iteration 1: 1,500 TXs) to verify active forward progress...
🛡️ [6/6] Verifying state catchup (>= H_before + 2) and Zero-Fork parity across cluster...
   • Sync condition reached: Cluster progressed from #313 to >= #316 (Delta: +3 blocks)
🔍 Checking Zero-Fork parity on Block #316 (0x13c)...
🔍 Checking Zero-Fork parity on Preceding Block #315 (0x13b)...
   • Block #316: Hash=0x46209f381f196cfe..., StateRoot=0x713c9d0f34be332e...
   • Block #315: Hash=0x7615c8948c6765c2..., StateRoot=0x145f3b2257ffb902...
   ✅ [ROUND 3 PASS] Parity verified on 2 new blocks (#315, #316) >= H_before (#313) + 2

━━━━━━━━━━━━━━━━━━━━━━━━━━━━━━━━━━━━━━━━━━━━━━━━━━━━━━━━━━━━━━━━━━
🔥 [ROUND 4/20] Targets: val3
━━━━━━━━━━━━━━━━━━━━━━━━━━━━━━━━━━━━━━━━━━━━━━━━━━━━━━━━━━━━━━━━━━
📊 [0/6] Baseline Height: H_before = #316 (val0:#316, val1:#316, val2:#316, val3:#316)
🚀 [1/6] Blasting 8,000 SECP transactions during active kill...
💥 [2/6] Killing val3 (PID 3521730) with KILL -9 (delay 0.08s at 2026-10-07T11:09:02.774Z)...
   • Estimated kill phase: unknown_or_between_commits
✅ [3/6] Stage 1 background workload submission ended.
🔄 [4/6] Restarting val3...
✅ [5/6] All restarted node(s) running cleanly (0 exit 78, no integrity failure).
🛡️ [6/6] Verifying state catchup (>= H_before + 2) and Zero-Fork parity across cluster...
   • Sync condition reached: Cluster progressed from #316 to >= #318 (Delta: +2 blocks)
🔍 Checking Zero-Fork parity on Block #318 (0x13e)...
🔍 Checking Zero-Fork parity on Preceding Block #317 (0x13d)...
   • Block #318: Hash=0x65e560f24c5ff877..., StateRoot=0x216ce5e500569f78...
   • Block #317: Hash=0x74e8082222491eb6..., StateRoot=0x08b770f20d18d2df...
   ✅ [ROUND 4 PASS] Parity verified on 2 new blocks (#317, #318) >= H_before (#316) + 2

━━━━━━━━━━━━━━━━━━━━━━━━━━━━━━━━━━━━━━━━━━━━━━━━━━━━━━━━━━━━━━━━━━
🔥 [ROUND 5/20] Targets: val1 val2
━━━━━━━━━━━━━━━━━━━━━━━━━━━━━━━━━━━━━━━━━━━━━━━━━━━━━━━━━━━━━━━━━━
📊 [0/6] Baseline Height: H_before = #318 (val0:#318, val1:#318, val2:#318, val3:#318)
🚀 [1/6] Blasting 8,000 SECP transactions during active kill...
💥 [2/6] Killing val1 (PID 3531073) with KILL -9 (delay 0.15s at 2026-10-07T11:09:36.572Z)...
💥 [2/6] Killing val2 (PID 3533939) with KILL -9 (delay 0.15s at 2026-10-07T11:09:36.572Z)...
   • Estimated kill phase: unknown_or_between_commits
🔍 [2.5/6] Checking Quorum Liveness pause (Dual-node down: alive 2 < 2f+1=3)...
/home/abc/chain-n/metanode/execution/scripts/test/test_crash_recovery_nomt_expanded.sh: line 178: 3531073 Killed                  ( cd "$BASE_DIR/$node" && PARENT_CHAIN_URL="http://127.0.0.1:$PH" BLS_CONSERVATION_MODE=enforce BLS_CONSERVATION_INTERVAL_SECONDS=300 exec "$BIN/simple_chain" -config="$BASE_DIR/$node/config.json" --pprof-addr="127.0.0.1:$pprof_port" >> "$log_file" 2>&1 )
/home/abc/chain-n/metanode/execution/scripts/test/test_crash_recovery_nomt_expanded.sh: line 178: 3533939 Killed                  ( cd "$BASE_DIR/$node" && PARENT_CHAIN_URL="http://127.0.0.1:$PH" BLS_CONSERVATION_MODE=enforce BLS_CONSERVATION_INTERVAL_SECONDS=300 exec "$BIN/simple_chain" -config="$BASE_DIR/$node/config.json" --pprof-addr="127.0.0.1:$pprof_port" >> "$log_file" 2>&1 )
   🛡️ [QUORUM PAUSE VERIFIED] Height frozen at #318 during 2-node outage (no forward commits without quorum).
✅ [3/6] Stage 1 background workload submission ended.
🔄 [4/6] Restarting val1...
🔄 [4/6] Restarting val2...
✅ [5/6] All restarted node(s) running cleanly (0 exit 78, no integrity failure).
🚀 [5.5/6] Submitting post-recovery workload (iteration 1: 1,500 TXs) to verify active forward progress...
🚀 [5.5/6] Submitting post-recovery workload (iteration 2: 1,500 TXs) to verify active forward progress...
🛡️ [6/6] Verifying state catchup (>= H_before + 2) and Zero-Fork parity across cluster...
   • Sync condition reached: Cluster progressed from #318 to >= #321 (Delta: +3 blocks)
🔍 Checking Zero-Fork parity on Block #321 (0x141)...
🔍 Checking Zero-Fork parity on Preceding Block #320 (0x140)...
   • Block #321: Hash=0x1f37af7425bdfb3e..., StateRoot=0x08ee2dbd5eedb565...
   • Block #320: Hash=0xaa461e3a6a718dbc..., StateRoot=0x48123682be8d75f8...
   ✅ [ROUND 5 PASS] Parity verified on 2 new blocks (#320, #321) >= H_before (#318) + 2

━━━━━━━━━━━━━━━━━━━━━━━━━━━━━━━━━━━━━━━━━━━━━━━━━━━━━━━━━━━━━━━━━━
🔥 [ROUND 6/20] Targets: val0
━━━━━━━━━━━━━━━━━━━━━━━━━━━━━━━━━━━━━━━━━━━━━━━━━━━━━━━━━━━━━━━━━━
📊 [0/6] Baseline Height: H_before = #321 (val0:#321, val1:#321, val2:#321, val3:#321)
🚀 [1/6] Blasting 8,000 SECP transactions during active kill...
💥 [2/6] Killing val0 (PID 3536323) with KILL -9 (delay 0.25s at 2026-10-07T11:10:32.632Z)...
   • Estimated kill phase: unknown_or_between_commits
/home/abc/chain-n/metanode/execution/scripts/test/test_crash_recovery_nomt_expanded.sh: line 275: 3536323 Killed                  ( cd "$BASE_DIR/$node" && PARENT_CHAIN_URL="http://127.0.0.1:$PH" BLS_CONSERVATION_MODE=enforce BLS_CONSERVATION_INTERVAL_SECONDS=300 exec "$BIN/simple_chain" -config="$BASE_DIR/$node/config.json" --pprof-addr="127.0.0.1:$pprof_port" >> "$log_file" 2>&1 )
✅ [3/6] Stage 1 background workload submission ended.
🔄 [4/6] Restarting val0...
✅ [5/6] All restarted node(s) running cleanly (0 exit 78, no integrity failure).
🚀 [5.5/6] Submitting post-recovery workload (iteration 1: 1,500 TXs) to verify active forward progress...
🚀 [5.5/6] Submitting post-recovery workload (iteration 2: 1,500 TXs) to verify active forward progress...
🛡️ [6/6] Verifying state catchup (>= H_before + 2) and Zero-Fork parity across cluster...
   • Sync condition reached: Cluster progressed from #321 to >= #324 (Delta: +3 blocks)
🔍 Checking Zero-Fork parity on Block #324 (0x144)...
🔍 Checking Zero-Fork parity on Preceding Block #323 (0x143)...
   • Block #324: Hash=0x49bf9767947283c7..., StateRoot=0x11a5974460eb1c90...
   • Block #323: Hash=0x8aae952b66d56ba0..., StateRoot=0x447c0d3a5ac7039a...
   ✅ [ROUND 6 PASS] Parity verified on 2 new blocks (#323, #324) >= H_before (#321) + 2

━━━━━━━━━━━━━━━━━━━━━━━━━━━━━━━━━━━━━━━━━━━━━━━━━━━━━━━━━━━━━━━━━━
🔥 [ROUND 7/20] Targets: val2
━━━━━━━━━━━━━━━━━━━━━━━━━━━━━━━━━━━━━━━━━━━━━━━━━━━━━━━━━━━━━━━━━━
📊 [0/6] Baseline Height: H_before = #324 (val0:#324, val1:#325, val2:#325, val3:#325)
🚀 [1/6] Blasting 8,000 SECP transactions during active kill...
💥 [2/6] Killing val2 (PID 3542183) with KILL -9 (delay 0.10s at 2026-10-07T11:11:35.073Z)...
   • Estimated kill phase: unknown_or_between_commits
/home/abc/chain-n/metanode/execution/scripts/test/test_crash_recovery_nomt_expanded.sh: line 275: 3542183 Killed                  ( cd "$BASE_DIR/$node" && PARENT_CHAIN_URL="http://127.0.0.1:$PH" BLS_CONSERVATION_MODE=enforce BLS_CONSERVATION_INTERVAL_SECONDS=300 exec "$BIN/simple_chain" -config="$BASE_DIR/$node/config.json" --pprof-addr="127.0.0.1:$pprof_port" >> "$log_file" 2>&1 )
✅ [3/6] Stage 1 background workload submission ended.
🔄 [4/6] Restarting val2...
✅ [5/6] All restarted node(s) running cleanly (0 exit 78, no integrity failure).
🛡️ [6/6] Verifying state catchup (>= H_before + 2) and Zero-Fork parity across cluster...
   • Sync condition reached: Cluster progressed from #324 to >= #326 (Delta: +2 blocks)
🔍 Checking Zero-Fork parity on Block #326 (0x146)...
🔍 Checking Zero-Fork parity on Preceding Block #325 (0x145)...
   • Block #326: Hash=0xffdfed06b4622f80..., StateRoot=0x74b0f3485d10363d...
   • Block #325: Hash=0x7e93808b5b152488..., StateRoot=0x28c0ead5dcdb1364...
   ✅ [ROUND 7 PASS] Parity verified on 2 new blocks (#325, #326) >= H_before (#324) + 2

━━━━━━━━━━━━━━━━━━━━━━━━━━━━━━━━━━━━━━━━━━━━━━━━━━━━━━━━━━━━━━━━━━
🔥 [ROUND 8/20] Targets: val0 val3
━━━━━━━━━━━━━━━━━━━━━━━━━━━━━━━━━━━━━━━━━━━━━━━━━━━━━━━━━━━━━━━━━━
📊 [0/6] Baseline Height: H_before = #327 (val0:#327, val1:#327, val2:#327, val3:#327)
🚀 [1/6] Blasting 8,000 SECP transactions during active kill...
💥 [2/6] Killing val0 (PID 3545288) with KILL -9 (delay 0.18s at 2026-10-07T11:12:34.212Z)...
💥 [2/6] Killing val3 (PID 3538704) with KILL -9 (delay 0.18s at 2026-10-07T11:12:34.212Z)...
   • Estimated kill phase: unknown_or_between_commits
🔍 [2.5/6] Checking Quorum Liveness pause (Dual-node down: alive 2 < 2f+1=3)...
/home/abc/chain-n/metanode/execution/scripts/test/test_crash_recovery_nomt_expanded.sh: line 178: 3538704 Killed                  ( cd "$BASE_DIR/$node" && PARENT_CHAIN_URL="http://127.0.0.1:$PH" BLS_CONSERVATION_MODE=enforce BLS_CONSERVATION_INTERVAL_SECONDS=300 exec "$BIN/simple_chain" -config="$BASE_DIR/$node/config.json" --pprof-addr="127.0.0.1:$pprof_port" >> "$log_file" 2>&1 )
/home/abc/chain-n/metanode/execution/scripts/test/test_crash_recovery_nomt_expanded.sh: line 178: 3545288 Killed                  ( cd "$BASE_DIR/$node" && PARENT_CHAIN_URL="http://127.0.0.1:$PH" BLS_CONSERVATION_MODE=enforce BLS_CONSERVATION_INTERVAL_SECONDS=300 exec "$BIN/simple_chain" -config="$BASE_DIR/$node/config.json" --pprof-addr="127.0.0.1:$pprof_port" >> "$log_file" 2>&1 )
   🛡️ [QUORUM PAUSE VERIFIED] Height frozen at #327 during 2-node outage (no forward commits without quorum).
✅ [3/6] Stage 1 background workload submission ended.
🔄 [4/6] Restarting val0...
🔄 [4/6] Restarting val3...
✅ [5/6] All restarted node(s) running cleanly (0 exit 78, no integrity failure).
🚀 [5.5/6] Submitting post-recovery workload (iteration 1: 1,500 TXs) to verify active forward progress...
🛡️ [6/6] Verifying state catchup (>= H_before + 2) and Zero-Fork parity across cluster...
   • Sync condition reached: Cluster progressed from #327 to >= #330 (Delta: +3 blocks)
🔍 Checking Zero-Fork parity on Block #330 (0x14a)...
🔍 Checking Zero-Fork parity on Preceding Block #329 (0x149)...
   • Block #330: Hash=0x4eb1bdb1e0ac651e..., StateRoot=0x4f5611c2781d8d76...
   • Block #329: Hash=0x42586bbeef42d2d0..., StateRoot=0x4f5611c2781d8d76...
   ✅ [ROUND 8 PASS] Parity verified on 2 new blocks (#329, #330) >= H_before (#327) + 2

━━━━━━━━━━━━━━━━━━━━━━━━━━━━━━━━━━━━━━━━━━━━━━━━━━━━━━━━━━━━━━━━━━
🔥 [ROUND 9/20] Targets: val1
━━━━━━━━━━━━━━━━━━━━━━━━━━━━━━━━━━━━━━━━━━━━━━━━━━━━━━━━━━━━━━━━━━
📊 [0/6] Baseline Height: H_before = #330 (val0:#330, val1:#330, val2:#330, val3:#330)
🚀 [1/6] Blasting 8,000 SECP transactions during active kill...
💥 [2/6] Killing val1 (PID 3542168) with KILL -9 (delay 0.06s at 2026-10-07T11:13:30.371Z)...
   • Estimated kill phase: unknown_or_between_commits
/home/abc/chain-n/metanode/execution/scripts/test/test_crash_recovery_nomt_expanded.sh: line 275: 3542168 Killed                  ( cd "$BASE_DIR/$node" && PARENT_CHAIN_URL="http://127.0.0.1:$PH" BLS_CONSERVATION_MODE=enforce BLS_CONSERVATION_INTERVAL_SECONDS=300 exec "$BIN/simple_chain" -config="$BASE_DIR/$node/config.json" --pprof-addr="127.0.0.1:$pprof_port" >> "$log_file" 2>&1 )
✅ [3/6] Stage 1 background workload submission ended.
🔄 [4/6] Restarting val1...
✅ [5/6] All restarted node(s) running cleanly (0 exit 78, no integrity failure).
🛡️ [6/6] Verifying state catchup (>= H_before + 2) and Zero-Fork parity across cluster...
   • Sync condition reached: Cluster progressed from #330 to >= #332 (Delta: +2 blocks)
🔍 Checking Zero-Fork parity on Block #332 (0x14c)...
🔍 Checking Zero-Fork parity on Preceding Block #331 (0x14b)...
   • Block #332: Hash=0xd726ae945c9e5edb..., StateRoot=0x31f0efc37d0b3bff...
   • Block #331: Hash=0xf1436cc2eb02882f..., StateRoot=0x5735383572ce85ff...
   ✅ [ROUND 9 PASS] Parity verified on 2 new blocks (#331, #332) >= H_before (#330) + 2

━━━━━━━━━━━━━━━━━━━━━━━━━━━━━━━━━━━━━━━━━━━━━━━━━━━━━━━━━━━━━━━━━━
🔥 [ROUND 10/20] Targets: val3
━━━━━━━━━━━━━━━━━━━━━━━━━━━━━━━━━━━━━━━━━━━━━━━━━━━━━━━━━━━━━━━━━━
📊 [0/6] Baseline Height: H_before = #332 (val0:#332, val1:#332, val2:#332, val3:#332)
🚀 [1/6] Blasting 8,000 SECP transactions during active kill...
💥 [2/6] Killing val3 (PID 3554868) with KILL -9 (delay 0.22s at 2026-10-07T11:14:29.617Z)...
   • Estimated kill phase: unknown_or_between_commits
/home/abc/chain-n/metanode/execution/scripts/test/test_crash_recovery_nomt_expanded.sh: line 275: 3554868 Killed                  ( cd "$BASE_DIR/$node" && PARENT_CHAIN_URL="http://127.0.0.1:$PH" BLS_CONSERVATION_MODE=enforce BLS_CONSERVATION_INTERVAL_SECONDS=300 exec "$BIN/simple_chain" -config="$BASE_DIR/$node/config.json" --pprof-addr="127.0.0.1:$pprof_port" >> "$log_file" 2>&1 )
✅ [3/6] Stage 1 background workload submission ended.
🔄 [4/6] Restarting val3...
✅ [5/6] All restarted node(s) running cleanly (0 exit 78, no integrity failure).
🛡️ [6/6] Verifying state catchup (>= H_before + 2) and Zero-Fork parity across cluster...
   • Sync condition reached: Cluster progressed from #332 to >= #334 (Delta: +2 blocks)
🔍 Checking Zero-Fork parity on Block #334 (0x14e)...
🔍 Checking Zero-Fork parity on Preceding Block #333 (0x14d)...
   • Block #334: Hash=0x43010b879d0d9f41..., StateRoot=0x75a248cc441e42cd...
   • Block #333: Hash=0xf97ee208b0fef13d..., StateRoot=0x1f0ddbb40b38e06c...
   ✅ [ROUND 10 PASS] Parity verified on 2 new blocks (#333, #334) >= H_before (#332) + 2

━━━━━━━━━━━━━━━━━━━━━━━━━━━━━━━━━━━━━━━━━━━━━━━━━━━━━━━━━━━━━━━━━━
🔥 [ROUND 11/20] Targets: val0
━━━━━━━━━━━━━━━━━━━━━━━━━━━━━━━━━━━━━━━━━━━━━━━━━━━━━━━━━━━━━━━━━━
📊 [0/6] Baseline Height: H_before = #334 (val0:#334, val1:#334, val2:#334, val3:#334)
🚀 [1/6] Blasting 8,000 SECP transactions during active kill...
💥 [2/6] Killing val0 (PID 3554856) with KILL -9 (delay 0.05s at 2026-10-07T11:15:12.882Z)...
   • Estimated kill phase: unknown_or_between_commits
/home/abc/chain-n/metanode/execution/scripts/test/test_crash_recovery_nomt_expanded.sh: line 275: 3554856 Killed                  ( cd "$BASE_DIR/$node" && PARENT_CHAIN_URL="http://127.0.0.1:$PH" BLS_CONSERVATION_MODE=enforce BLS_CONSERVATION_INTERVAL_SECONDS=300 exec "$BIN/simple_chain" -config="$BASE_DIR/$node/config.json" --pprof-addr="127.0.0.1:$pprof_port" >> "$log_file" 2>&1 )
✅ [3/6] Stage 1 background workload submission ended.
🔄 [4/6] Restarting val0...
✅ [5/6] All restarted node(s) running cleanly (0 exit 78, no integrity failure).
🚀 [5.5/6] Submitting post-recovery workload (iteration 1: 1,500 TXs) to verify active forward progress...
🛡️ [6/6] Verifying state catchup (>= H_before + 2) and Zero-Fork parity across cluster...
   • Sync condition reached: Cluster progressed from #334 to >= #338 (Delta: +4 blocks)
🔍 Checking Zero-Fork parity on Block #338 (0x152)...
🔍 Checking Zero-Fork parity on Preceding Block #337 (0x151)...
   • Block #338: Hash=0x1f797f4dacceac3e..., StateRoot=0x1c6907d6c3ff16de...
   • Block #337: Hash=0xf2d39abdb381799e..., StateRoot=0x3ef49d5042cf0630...
   ✅ [ROUND 11 PASS] Parity verified on 2 new blocks (#337, #338) >= H_before (#334) + 2

━━━━━━━━━━━━━━━━━━━━━━━━━━━━━━━━━━━━━━━━━━━━━━━━━━━━━━━━━━━━━━━━━━
🔥 [ROUND 12/20] Targets: val2 val3
━━━━━━━━━━━━━━━━━━━━━━━━━━━━━━━━━━━━━━━━━━━━━━━━━━━━━━━━━━━━━━━━━━
📊 [0/6] Baseline Height: H_before = #338 (val0:#338, val1:#338, val2:#338, val3:#338)
🚀 [1/6] Blasting 8,000 SECP transactions during active kill...
💥 [2/6] Killing val2 (PID 3549123) with KILL -9 (delay 0.12s at 2026-10-07T11:15:47.377Z)...
💥 [2/6] Killing val3 (PID 3562729) with KILL -9 (delay 0.12s at 2026-10-07T11:15:47.377Z)...
   • Estimated kill phase: unknown_or_between_commits
🔍 [2.5/6] Checking Quorum Liveness pause (Dual-node down: alive 2 < 2f+1=3)...
/home/abc/chain-n/metanode/execution/scripts/test/test_crash_recovery_nomt_expanded.sh: line 178: 3549123 Killed                  ( cd "$BASE_DIR/$node" && PARENT_CHAIN_URL="http://127.0.0.1:$PH" BLS_CONSERVATION_MODE=enforce BLS_CONSERVATION_INTERVAL_SECONDS=300 exec "$BIN/simple_chain" -config="$BASE_DIR/$node/config.json" --pprof-addr="127.0.0.1:$pprof_port" >> "$log_file" 2>&1 )
/home/abc/chain-n/metanode/execution/scripts/test/test_crash_recovery_nomt_expanded.sh: line 178: 3562729 Killed                  ( cd "$BASE_DIR/$node" && PARENT_CHAIN_URL="http://127.0.0.1:$PH" BLS_CONSERVATION_MODE=enforce BLS_CONSERVATION_INTERVAL_SECONDS=300 exec "$BIN/simple_chain" -config="$BASE_DIR/$node/config.json" --pprof-addr="127.0.0.1:$pprof_port" >> "$log_file" 2>&1 )
   🛡️ [QUORUM PAUSE VERIFIED] Height frozen at #338 during 2-node outage (no forward commits without quorum).
✅ [3/6] Stage 1 background workload submission ended.
🔄 [4/6] Restarting val2...
🔄 [4/6] Restarting val3...
✅ [5/6] All restarted node(s) running cleanly (0 exit 78, no integrity failure).
🚀 [5.5/6] Submitting post-recovery workload (iteration 1: 1,500 TXs) to verify active forward progress...
🛡️ [6/6] Verifying state catchup (>= H_before + 2) and Zero-Fork parity across cluster...
   • Sync condition reached: Cluster progressed from #338 to >= #341 (Delta: +3 blocks)
🔍 Checking Zero-Fork parity on Block #341 (0x155)...
🔍 Checking Zero-Fork parity on Preceding Block #340 (0x154)...
   • Block #341: Hash=0x985989f8d1a07665..., StateRoot=0x76b902874d2c9c63...
   • Block #340: Hash=0x969c88905d55a6d6..., StateRoot=0x25855ebcf54d2497...
   ✅ [ROUND 12 PASS] Parity verified on 2 new blocks (#340, #341) >= H_before (#338) + 2

━━━━━━━━━━━━━━━━━━━━━━━━━━━━━━━━━━━━━━━━━━━━━━━━━━━━━━━━━━━━━━━━━━
🔥 [ROUND 13/20] Targets: val1
━━━━━━━━━━━━━━━━━━━━━━━━━━━━━━━━━━━━━━━━━━━━━━━━━━━━━━━━━━━━━━━━━━
📊 [0/6] Baseline Height: H_before = #341 (val0:#341, val1:#341, val2:#341, val3:#341)
🚀 [1/6] Blasting 8,000 SECP transactions during active kill...
💥 [2/6] Killing val1 (PID 3558012) with KILL -9 (delay 0.20s at 2026-10-07T11:16:42.570Z)...
   • Estimated kill phase: unknown_or_between_commits
/home/abc/chain-n/metanode/execution/scripts/test/test_crash_recovery_nomt_expanded.sh: line 275: 3558012 Killed                  ( cd "$BASE_DIR/$node" && PARENT_CHAIN_URL="http://127.0.0.1:$PH" BLS_CONSERVATION_MODE=enforce BLS_CONSERVATION_INTERVAL_SECONDS=300 exec "$BIN/simple_chain" -config="$BASE_DIR/$node/config.json" --pprof-addr="127.0.0.1:$pprof_port" >> "$log_file" 2>&1 )
✅ [3/6] Stage 1 background workload submission ended.
🔄 [4/6] Restarting val1...
✅ [5/6] All restarted node(s) running cleanly (0 exit 78, no integrity failure).
🚀 [5.5/6] Submitting post-recovery workload (iteration 1: 1,500 TXs) to verify active forward progress...
🛡️ [6/6] Verifying state catchup (>= H_before + 2) and Zero-Fork parity across cluster...
   • Sync condition reached: Cluster progressed from #341 to >= #344 (Delta: +3 blocks)
🔍 Checking Zero-Fork parity on Block #344 (0x158)...
🔍 Checking Zero-Fork parity on Preceding Block #343 (0x157)...
   • Block #344: Hash=0x5ca977b5a5f60e24..., StateRoot=0x11fe097c687fdb68...
   • Block #343: Hash=0x9d7b37ecc014b484..., StateRoot=0x1c8f443e826f0986...
   ✅ [ROUND 13 PASS] Parity verified on 2 new blocks (#343, #344) >= H_before (#341) + 2

━━━━━━━━━━━━━━━━━━━━━━━━━━━━━━━━━━━━━━━━━━━━━━━━━━━━━━━━━━━━━━━━━━
🔥 [ROUND 14/20] Targets: val0
━━━━━━━━━━━━━━━━━━━━━━━━━━━━━━━━━━━━━━━━━━━━━━━━━━━━━━━━━━━━━━━━━━
📊 [0/6] Baseline Height: H_before = #344 (val0:#344, val1:#344, val2:#344, val3:#344)
🚀 [1/6] Blasting 8,000 SECP transactions during active kill...
💥 [2/6] Killing val0 (PID 3565318) with KILL -9 (delay 0.08s at 2026-10-07T11:17:17.316Z)...
   • Estimated kill phase: unknown_or_between_commits
/home/abc/chain-n/metanode/execution/scripts/test/test_crash_recovery_nomt_expanded.sh: line 275: 3565318 Killed                  ( cd "$BASE_DIR/$node" && PARENT_CHAIN_URL="http://127.0.0.1:$PH" BLS_CONSERVATION_MODE=enforce BLS_CONSERVATION_INTERVAL_SECONDS=300 exec "$BIN/simple_chain" -config="$BASE_DIR/$node/config.json" --pprof-addr="127.0.0.1:$pprof_port" >> "$log_file" 2>&1 )
✅ [3/6] Stage 1 background workload submission ended.
🔄 [4/6] Restarting val0...
✅ [5/6] All restarted node(s) running cleanly (0 exit 78, no integrity failure).
🚀 [5.5/6] Submitting post-recovery workload (iteration 1: 1,500 TXs) to verify active forward progress...
🛡️ [6/6] Verifying state catchup (>= H_before + 2) and Zero-Fork parity across cluster...
   • Sync condition reached: Cluster progressed from #344 to >= #348 (Delta: +4 blocks)
🔍 Checking Zero-Fork parity on Block #348 (0x15c)...
🔍 Checking Zero-Fork parity on Preceding Block #347 (0x15b)...
   • Block #348: Hash=0x2aa09df440fd5022..., StateRoot=0x6b8919415d246d0e...
   • Block #347: Hash=0x857863c0223fd2b3..., StateRoot=0x36173d7e8a1669d6...
   ✅ [ROUND 14 PASS] Parity verified on 2 new blocks (#347, #348) >= H_before (#344) + 2

━━━━━━━━━━━━━━━━━━━━━━━━━━━━━━━━━━━━━━━━━━━━━━━━━━━━━━━━━━━━━━━━━━
🔥 [ROUND 15/20] Targets: val1 val3
━━━━━━━━━━━━━━━━━━━━━━━━━━━━━━━━━━━━━━━━━━━━━━━━━━━━━━━━━━━━━━━━━━
📊 [0/6] Baseline Height: H_before = #348 (val0:#348, val1:#348, val2:#348, val3:#348)
🚀 [1/6] Blasting 8,000 SECP transactions during active kill...
💥 [2/6] Killing val1 (PID 3571605) with KILL -9 (delay 0.15s at 2026-10-07T11:17:51.528Z)...
💥 [2/6] Killing val3 (PID 3568496) with KILL -9 (delay 0.15s at 2026-10-07T11:17:51.528Z)...
   • Estimated kill phase: unknown_or_between_commits
🔍 [2.5/6] Checking Quorum Liveness pause (Dual-node down: alive 2 < 2f+1=3)...
/home/abc/chain-n/metanode/execution/scripts/test/test_crash_recovery_nomt_expanded.sh: line 178: 3568496 Killed                  ( cd "$BASE_DIR/$node" && PARENT_CHAIN_URL="http://127.0.0.1:$PH" BLS_CONSERVATION_MODE=enforce BLS_CONSERVATION_INTERVAL_SECONDS=300 exec "$BIN/simple_chain" -config="$BASE_DIR/$node/config.json" --pprof-addr="127.0.0.1:$pprof_port" >> "$log_file" 2>&1 )
/home/abc/chain-n/metanode/execution/scripts/test/test_crash_recovery_nomt_expanded.sh: line 178: 3571605 Killed                  ( cd "$BASE_DIR/$node" && PARENT_CHAIN_URL="http://127.0.0.1:$PH" BLS_CONSERVATION_MODE=enforce BLS_CONSERVATION_INTERVAL_SECONDS=300 exec "$BIN/simple_chain" -config="$BASE_DIR/$node/config.json" --pprof-addr="127.0.0.1:$pprof_port" >> "$log_file" 2>&1 )
   🛡️ [QUORUM PAUSE VERIFIED] Height frozen at #348 during 2-node outage (no forward commits without quorum).
✅ [3/6] Stage 1 background workload submission ended.
🔄 [4/6] Restarting val1...
🔄 [4/6] Restarting val3...
✅ [5/6] All restarted node(s) running cleanly (0 exit 78, no integrity failure).
🚀 [5.5/6] Submitting post-recovery workload (iteration 1: 1,500 TXs) to verify active forward progress...
🛡️ [6/6] Verifying state catchup (>= H_before + 2) and Zero-Fork parity across cluster...
   • Sync condition reached: Cluster progressed from #348 to >= #350 (Delta: +2 blocks)
🔍 Checking Zero-Fork parity on Block #350 (0x15e)...
🔍 Checking Zero-Fork parity on Preceding Block #349 (0x15d)...
   • Block #350: Hash=0xb4652fefcc230cdf..., StateRoot=0x71ec596f1d998c6d...
   • Block #349: Hash=0xcfa5f52334fde234..., StateRoot=0x65822968d4f9403a...
   ✅ [ROUND 15 PASS] Parity verified on 2 new blocks (#349, #350) >= H_before (#348) + 2

━━━━━━━━━━━━━━━━━━━━━━━━━━━━━━━━━━━━━━━━━━━━━━━━━━━━━━━━━━━━━━━━━━
🔥 [ROUND 16/20] Targets: val2
━━━━━━━━━━━━━━━━━━━━━━━━━━━━━━━━━━━━━━━━━━━━━━━━━━━━━━━━━━━━━━━━━━
📊 [0/6] Baseline Height: H_before = #350 (val0:#350, val1:#350, val2:#350, val3:#350)
🚀 [1/6] Blasting 8,000 SECP transactions during active kill...
💥 [2/6] Killing val2 (PID 3568478) with KILL -9 (delay 0.25s at 2026-10-07T11:18:44.880Z)...
   • Estimated kill phase: unknown_or_between_commits
/home/abc/chain-n/metanode/execution/scripts/test/test_crash_recovery_nomt_expanded.sh: line 275: 3568478 Killed                  ( cd "$BASE_DIR/$node" && PARENT_CHAIN_URL="http://127.0.0.1:$PH" BLS_CONSERVATION_MODE=enforce BLS_CONSERVATION_INTERVAL_SECONDS=300 exec "$BIN/simple_chain" -config="$BASE_DIR/$node/config.json" --pprof-addr="127.0.0.1:$pprof_port" >> "$log_file" 2>&1 )
✅ [3/6] Stage 1 background workload submission ended.
🔄 [4/6] Restarting val2...
✅ [5/6] All restarted node(s) running cleanly (0 exit 78, no integrity failure).
🚀 [5.5/6] Submitting post-recovery workload (iteration 1: 1,500 TXs) to verify active forward progress...
🛡️ [6/6] Verifying state catchup (>= H_before + 2) and Zero-Fork parity across cluster...
   • Sync condition reached: Cluster progressed from #350 to >= #353 (Delta: +3 blocks)
🔍 Checking Zero-Fork parity on Block #353 (0x161)...
🔍 Checking Zero-Fork parity on Preceding Block #352 (0x160)...
   • Block #353: Hash=0x2e0b2855ffebfcdc..., StateRoot=0x693c3aed080ed474...
   • Block #352: Hash=0x0e3526f9b9755a81..., StateRoot=0x1c16040cd8d5c4e9...
   ✅ [ROUND 16 PASS] Parity verified on 2 new blocks (#352, #353) >= H_before (#350) + 2

━━━━━━━━━━━━━━━━━━━━━━━━━━━━━━━━━━━━━━━━━━━━━━━━━━━━━━━━━━━━━━━━━━
🔥 [ROUND 17/20] Targets: val0
━━━━━━━━━━━━━━━━━━━━━━━━━━━━━━━━━━━━━━━━━━━━━━━━━━━━━━━━━━━━━━━━━━
📊 [0/6] Baseline Height: H_before = #353 (val0:#353, val1:#353, val2:#353, val3:#353)
🚀 [1/6] Blasting 8,000 SECP transactions during active kill...
💥 [2/6] Killing val0 (PID 3574181) with KILL -9 (delay 0.10s at 2026-10-07T11:19:18.989Z)...
   • Estimated kill phase: unknown_or_between_commits
/home/abc/chain-n/metanode/execution/scripts/test/test_crash_recovery_nomt_expanded.sh: line 275: 3574181 Killed                  ( cd "$BASE_DIR/$node" && PARENT_CHAIN_URL="http://127.0.0.1:$PH" BLS_CONSERVATION_MODE=enforce BLS_CONSERVATION_INTERVAL_SECONDS=300 exec "$BIN/simple_chain" -config="$BASE_DIR/$node/config.json" --pprof-addr="127.0.0.1:$pprof_port" >> "$log_file" 2>&1 )
✅ [3/6] Stage 1 background workload submission ended.
🔄 [4/6] Restarting val0...
✅ [5/6] All restarted node(s) running cleanly (0 exit 78, no integrity failure).
🚀 [5.5/6] Submitting post-recovery workload (iteration 1: 1,500 TXs) to verify active forward progress...
🛡️ [6/6] Verifying state catchup (>= H_before + 2) and Zero-Fork parity across cluster...
   • Sync condition reached: Cluster progressed from #353 to >= #357 (Delta: +4 blocks)
🔍 Checking Zero-Fork parity on Block #357 (0x165)...
🔍 Checking Zero-Fork parity on Preceding Block #356 (0x164)...
   • Block #357: Hash=0x616ab2b9557a2724..., StateRoot=0x175c13d8e91beb92...
   • Block #356: Hash=0xc85ab3ee6f68e78d..., StateRoot=0x3c6c1997b5f6127a...
   ✅ [ROUND 17 PASS] Parity verified on 2 new blocks (#356, #357) >= H_before (#353) + 2

━━━━━━━━━━━━━━━━━━━━━━━━━━━━━━━━━━━━━━━━━━━━━━━━━━━━━━━━━━━━━━━━━━
🔥 [ROUND 18/20] Targets: val0 val1
━━━━━━━━━━━━━━━━━━━━━━━━━━━━━━━━━━━━━━━━━━━━━━━━━━━━━━━━━━━━━━━━━━
📊 [0/6] Baseline Height: H_before = #357 (val0:#357, val1:#357, val2:#357, val3:#357)
🚀 [1/6] Blasting 8,000 SECP transactions during active kill...
💥 [2/6] Killing val0 (PID 3583354) with KILL -9 (delay 0.18s at 2026-10-07T11:19:54.025Z)...
💥 [2/6] Killing val1 (PID 3577885) with KILL -9 (delay 0.18s at 2026-10-07T11:19:54.025Z)...
   • Estimated kill phase: unknown_or_between_commits
🔍 [2.5/6] Checking Quorum Liveness pause (Dual-node down: alive 2 < 2f+1=3)...
/home/abc/chain-n/metanode/execution/scripts/test/test_crash_recovery_nomt_expanded.sh: line 178: 3577885 Killed                  ( cd "$BASE_DIR/$node" && PARENT_CHAIN_URL="http://127.0.0.1:$PH" BLS_CONSERVATION_MODE=enforce BLS_CONSERVATION_INTERVAL_SECONDS=300 exec "$BIN/simple_chain" -config="$BASE_DIR/$node/config.json" --pprof-addr="127.0.0.1:$pprof_port" >> "$log_file" 2>&1 )
/home/abc/chain-n/metanode/execution/scripts/test/test_crash_recovery_nomt_expanded.sh: line 178: 3583354 Killed                  ( cd "$BASE_DIR/$node" && PARENT_CHAIN_URL="http://127.0.0.1:$PH" BLS_CONSERVATION_MODE=enforce BLS_CONSERVATION_INTERVAL_SECONDS=300 exec "$BIN/simple_chain" -config="$BASE_DIR/$node/config.json" --pprof-addr="127.0.0.1:$pprof_port" >> "$log_file" 2>&1 )
   🛡️ [QUORUM PAUSE VERIFIED] Height frozen at #357 during 2-node outage (no forward commits without quorum).
✅ [3/6] Stage 1 background workload submission ended.
🔄 [4/6] Restarting val0...
🔄 [4/6] Restarting val1...
✅ [5/6] All restarted node(s) running cleanly (0 exit 78, no integrity failure).
🚀 [5.5/6] Submitting post-recovery workload (iteration 1: 1,500 TXs) to verify active forward progress...
🚀 [5.5/6] Submitting post-recovery workload (iteration 2: 1,500 TXs) to verify active forward progress...
🛡️ [6/6] Verifying state catchup (>= H_before + 2) and Zero-Fork parity across cluster...
   • Sync condition reached: Cluster progressed from #357 to >= #360 (Delta: +3 blocks)
🔍 Checking Zero-Fork parity on Block #360 (0x168)...
🔍 Checking Zero-Fork parity on Preceding Block #359 (0x167)...
   • Block #360: Hash=0x6af6cded61f1ea18..., StateRoot=0x1c03579241201723...
   • Block #359: Hash=0xbd0e2d91eb226cef..., StateRoot=0x5568064bedaa152a...
   ✅ [ROUND 18 PASS] Parity verified on 2 new blocks (#359, #360) >= H_before (#357) + 2

━━━━━━━━━━━━━━━━━━━━━━━━━━━━━━━━━━━━━━━━━━━━━━━━━━━━━━━━━━━━━━━━━━
🔥 [ROUND 19/20] Targets: val3
━━━━━━━━━━━━━━━━━━━━━━━━━━━━━━━━━━━━━━━━━━━━━━━━━━━━━━━━━━━━━━━━━━
📊 [0/6] Baseline Height: H_before = #360 (val0:#360, val1:#360, val2:#360, val3:#360)
🚀 [1/6] Blasting 8,000 SECP transactions during active kill...
💥 [2/6] Killing val3 (PID 3577902) with KILL -9 (delay 0.06s at 2026-10-07T11:20:56.671Z)...
   • Estimated kill phase: unknown_or_between_commits
/home/abc/chain-n/metanode/execution/scripts/test/test_crash_recovery_nomt_expanded.sh: line 275: 3577902 Killed                  ( cd "$BASE_DIR/$node" && PARENT_CHAIN_URL="http://127.0.0.1:$PH" BLS_CONSERVATION_MODE=enforce BLS_CONSERVATION_INTERVAL_SECONDS=300 exec "$BIN/simple_chain" -config="$BASE_DIR/$node/config.json" --pprof-addr="127.0.0.1:$pprof_port" >> "$log_file" 2>&1 )
✅ [3/6] Stage 1 background workload submission ended.
🔄 [4/6] Restarting val3...
✅ [5/6] All restarted node(s) running cleanly (0 exit 78, no integrity failure).
🚀 [5.5/6] Submitting post-recovery workload (iteration 1: 1,500 TXs) to verify active forward progress...
🛡️ [6/6] Verifying state catchup (>= H_before + 2) and Zero-Fork parity across cluster...
   • Sync condition reached: Cluster progressed from #360 to >= #363 (Delta: +3 blocks)
🔍 Checking Zero-Fork parity on Block #363 (0x16b)...
🔍 Checking Zero-Fork parity on Preceding Block #362 (0x16a)...
   • Block #363: Hash=0xea1c63b15140ee25..., StateRoot=0x5033ea69ac422502...
   • Block #362: Hash=0x8118bdb63b1bce2a..., StateRoot=0x1434539ab8cd8483...
   ✅ [ROUND 19 PASS] Parity verified on 2 new blocks (#362, #363) >= H_before (#360) + 2

━━━━━━━━━━━━━━━━━━━━━━━━━━━━━━━━━━━━━━━━━━━━━━━━━━━━━━━━━━━━━━━━━━
🔥 [ROUND 20/20] Targets: val0
━━━━━━━━━━━━━━━━━━━━━━━━━━━━━━━━━━━━━━━━━━━━━━━━━━━━━━━━━━━━━━━━━━
📊 [0/6] Baseline Height: H_before = #363 (val0:#363, val1:#363, val2:#363, val3:#363)
🚀 [1/6] Blasting 8,000 SECP transactions during active kill...
💥 [2/6] Killing val0 (PID 3586628) with KILL -9 (delay 0.22s at 2026-10-07T11:21:56.677Z)...
   • Estimated kill phase: unknown_or_between_commits
/home/abc/chain-n/metanode/execution/scripts/test/test_crash_recovery_nomt_expanded.sh: line 275: 3586628 Killed                  ( cd "$BASE_DIR/$node" && PARENT_CHAIN_URL="http://127.0.0.1:$PH" BLS_CONSERVATION_MODE=enforce BLS_CONSERVATION_INTERVAL_SECONDS=300 exec "$BIN/simple_chain" -config="$BASE_DIR/$node/config.json" --pprof-addr="127.0.0.1:$pprof_port" >> "$log_file" 2>&1 )
✅ [3/6] Stage 1 background workload submission ended.
🔄 [4/6] Restarting val0...
✅ [5/6] All restarted node(s) running cleanly (0 exit 78, no integrity failure).
🚀 [5.5/6] Submitting post-recovery workload (iteration 1: 1,500 TXs) to verify active forward progress...
🛡️ [6/6] Verifying state catchup (>= H_before + 2) and Zero-Fork parity across cluster...
   • Sync condition reached: Cluster progressed from #363 to >= #367 (Delta: +4 blocks)
🔍 Checking Zero-Fork parity on Block #367 (0x16f)...
🔍 Checking Zero-Fork parity on Preceding Block #366 (0x16e)...
   • Block #367: Hash=0x95c1d75bcceee092..., StateRoot=0x3f97196cadcf8e57...
   • Block #366: Hash=0xf87a10386f67c6ca..., StateRoot=0x4ae8f4442efd27d5...
   ✅ [ROUND 20 PASS] Parity verified on 2 new blocks (#366, #367) >= H_before (#363) + 2

==================================================================
🎉 ALL 20 ROUNDS OF EXPANDED CRASH RECOVERY UNDER LOAD PASSED!
   • 0 Integrity Failures (no exit 78, no sentinel file)
   • 100% Zero-Fork Compliance across all restarts
   • Every round verified >= 2 new blocks beyond H_before
   • 2 distinct blocks verified for parity per round
   • Leader kill, Dual-node kill & Single-node kill VERIFIED
   • NOMT Fsync & commitWg Durability VERIFIED (process level kill -9)
   • Note: Does not verify hardware power loss (kernel page cache flush)
==================================================================
