==================================================================
🔬 B1 MICROBENCHMARK: Configuration A (ec6560ce) vs B (HEAD)
   Worktree A:      /tmp/worktree_A/execution
   Worktree B:      /home/abc/chain-n/metanode/execution
   Benchmark:       BenchmarkNomtCommit_Sync
   Keys tested:     [100, 1000, 5000]
   Alternating:     7 rounds (A1, B1, A2, B2, ..., A7, B7)
   Criterion:       B_time <= A_time * (1 / 0.90)  [B >= 90% A]
==================================================================

🔍 [1/3] Verifying Fsync Syscalls via strace...
--- Fsync Summary A (ec6560ce) ---
   strace: Process 3651605 attached
   % time     seconds  usecs/call     calls    errors syscall
   ------ ----------- ----------- --------- --------- ----------------
   100.00    0.004646         154        30           fsync
   ------ ----------- ----------- --------- --------- ----------------
   100.00    0.004646         154        30           total
--- Fsync Summary B (HEAD) ---
   strace: Process 3652942 attached
   % time     seconds  usecs/call     calls    errors syscall
   ------ ----------- ----------- --------- --------- ----------------
   100.00    0.003758          89        42           fsync
   ------ ----------- ----------- --------- --------- ----------------
   100.00    0.003758          89        42           total

🚀 [2/3] Executing 7 Alternating Benchmarks...

▶️ ROUND 1/7:
   • Keys  100 | A:   6.556 ms | B:   5.462 ms | B/A:  0.833 (-16.69%)
   • Keys 1000 | A:  19.920 ms | B:  18.216 ms | B/A:  0.914 (-8.56%)
   • Keys 5000 | A:  65.820 ms | B:  69.098 ms | B/A:  1.050 (+4.98%)

▶️ ROUND 2/7:
   • Keys  100 | A:   4.773 ms | B:   6.043 ms | B/A:  1.266 (+26.62%)
   • Keys 1000 | A:  18.592 ms | B:  19.246 ms | B/A:  1.035 (+3.52%)
   • Keys 5000 | A:  66.739 ms | B:  65.685 ms | B/A:  0.984 (-1.58%)

▶️ ROUND 3/7:
   • Keys  100 | A:   6.215 ms | B:   5.738 ms | B/A:  0.923 (-7.66%)
   • Keys 1000 | A:  20.336 ms | B:  19.894 ms | B/A:  0.978 (-2.17%)
   • Keys 5000 | A:  69.921 ms | B:  68.127 ms | B/A:  0.974 (-2.57%)

▶️ ROUND 4/7:
   • Keys  100 | A:   5.021 ms | B:   5.463 ms | B/A:  1.088 (+8.80%)
   • Keys 1000 | A:  21.122 ms | B:  19.170 ms | B/A:  0.908 (-9.24%)
   • Keys 5000 | A:  69.162 ms | B:  70.046 ms | B/A:  1.013 (+1.28%)

▶️ ROUND 5/7:
   • Keys  100 | A:   5.323 ms | B:   5.322 ms | B/A:  1.000 (-0.02%)
   • Keys 1000 | A:  18.852 ms | B:  18.888 ms | B/A:  1.002 (+0.19%)
   • Keys 5000 | A:  66.619 ms | B:  70.201 ms | B/A:  1.054 (+5.38%)

▶️ ROUND 6/7:
   • Keys  100 | A:   5.180 ms | B:   5.373 ms | B/A:  1.037 (+3.72%)
   • Keys 1000 | A:  20.805 ms | B:  21.221 ms | B/A:  1.020 (+2.00%)
   • Keys 5000 | A:  66.013 ms | B:  71.228 ms | B/A:  1.079 (+7.90%)

▶️ ROUND 7/7:
   • Keys  100 | A:   5.395 ms | B:   5.686 ms | B/A:  1.054 (+5.40%)
   • Keys 1000 | A:  20.982 ms | B:  20.266 ms | B/A:  0.966 (-3.41%)
   • Keys 5000 | A:  63.706 ms | B:  68.238 ms | B/A:  1.071 (+7.11%)

📊 [3/3] Statistical Summary & Hypothesis Testing:
==================================================================
| Keys | Config A Mean ± SD (ms) | Config B Mean ± SD (ms) | B/A Ratio | B/A % Diff | Welch t (df) | Ngưỡng 90% | Kết luận |
| :---: | :---: | :---: | :---: | :---: | :---: | :---: | :---: |
| 100 | 5.495 ± 0.649 ms | 5.584 ± 0.254 ms | 1.016 | +1.62% | t=0.34 (df=7.8) | B <= 6.105 ms | **PASS** |
| 1000 | 20.087 ± 1.020 ms | 19.557 ± 0.990 ms | 0.974 | -2.64% | t=-0.99 (df=12.0) | B <= 22.319 ms | **PASS** |
| 5000 | 66.854 ± 2.101 ms | 68.946 ± 1.818 ms | 1.031 | +3.13% | t=1.99 (df=11.8) | B <= 74.283 ms | **PASS** |
==================================================================
🎉 CRITERION B >= 90% A SATISFIED ACROSS ALL TESTED KEY SIZES!
